[    1026ms] [INFO] %cDownload the React DevTools for a better development experience: https://react.dev/link/react-devtools font-weight:bold @ http://localhost:3000/_next/static/chunks/9029e_next_dist_d4b6bb8b._.js:2297
[    1320ms] [LOG] [HMR] connected @ http://localhost:3000/_next/static/chunks/9029e_next_dist_d4b6bb8b._.js:2297
[    2170ms] [LOG] [Fast Refresh] rebuilding @ http://localhost:3000/_next/static/chunks/9029e_next_dist_d4b6bb8b._.js:2297
[   17275ms] [LOG] [Fast Refresh] done in 15213ms @ http://localhost:3000/_next/static/chunks/9029e_next_dist_d4b6bb8b._.js:2297
[   17384ms] [LOG] [Fast Refresh] rebuilding @ http://localhost:3000/_next/static/chunks/9029e_next_dist_d4b6bb8b._.js:2297
[   19962ms] [LOG] [Fast Refresh] done in 2685ms @ http://localhost:3000/_next/static/chunks/9029e_next_dist_d4b6bb8b._.js:2297
[   20085ms] [LOG] [Fast Refresh] rebuilding @ http://localhost:3000/_next/static/chunks/9029e_next_dist_d4b6bb8b._.js:2297
[   27963ms] [LOG] [Fast Refresh] done in 7994ms @ http://localhost:3000/_next/static/chunks/9029e_next_dist_d4b6bb8b._.js:2297
[   28073ms] [LOG] [Fast Refresh] rebuilding @ http://localhost:3000/_next/static/chunks/9029e_next_dist_d4b6bb8b._.js:2297
[   28129ms] [LOG] [Fast Refresh] done in 166ms @ http://localhost:3000/_next/static/chunks/9029e_next_dist_d4b6bb8b._.js:2297
[   28243ms] [LOG] [Fast Refresh] rebuilding @ http://localhost:3000/_next/static/chunks/9029e_next_dist_d4b6bb8b._.js:2297
[   34027ms] [LOG] [Fast Refresh] done in 5897ms @ http://localhost:3000/_next/static/chunks/9029e_next_dist_d4b6bb8b._.js:2297
[   34135ms] [LOG] [Fast Refresh] rebuilding @ http://localhost:3000/_next/static/chunks/9029e_next_dist_d4b6bb8b._.js:2297
[   78909ms] [LOG] [Fast Refresh] done in 44877ms @ http://localhost:3000/_next/static/chunks/9029e_next_dist_d4b6bb8b._.js:2297
[   79023ms] [LOG] [Fast Refresh] rebuilding @ http://localhost:3000/_next/static/chunks/9029e_next_dist_d4b6bb8b._.js:2297
[   79168ms] [LOG] [Fast Refresh] done in 257ms @ http://localhost:3000/_next/static/chunks/9029e_next_dist_d4b6bb8b._.js:2297
[   79278ms] [LOG] [Fast Refresh] rebuilding @ http://localhost:3000/_next/static/chunks/9029e_next_dist_d4b6bb8b._.js:2297
[   97028ms] [LOG] [Fast Refresh] done in 17859ms @ http://localhost:3000/_next/static/chunks/9029e_next_dist_d4b6bb8b._.js:2297
[   97138ms] [LOG] [Fast Refresh] rebuilding @ http://localhost:3000/_next/static/chunks/9029e_next_dist_d4b6bb8b._.js:2297
[  124196ms] [LOG] [Fast Refresh] done in 27166ms @ http://localhost:3000/_next/static/chunks/9029e_next_dist_d4b6bb8b._.js:2297
[  124305ms] [LOG] [Fast Refresh] rebuilding @ http://localhost:3000/_next/static/chunks/9029e_next_dist_d4b6bb8b._.js:2297
